
> three@0.185.0 test-e2e-webgpu
> node test/e2e/puppeteer.js --webgpu webgpu_layers webgpu_clipping webgpu_depth_texture webgpu_equirectangular webgpu_instance_uniform webgpu_materials_alphahash webgpu_materials_lightmap webgpu_multiple_elements webgpu_occlusion webgpu_sandbox webgpu_textures_2d-array webgpu_reversed_depth_buffer webgpu_lights_pointlights webgpu_compile_async webgpu_performance webgpu_materials_arrays webgpu_procedural_texture webgpu_tonemapping webgpu_cubemap_adjustments webgpu_multisampled_renderbuffers

[32mDiff 0.0% in file: webgpu_clipping (3.1s)[39m
[31mError: Diff wrong in 1.0% of pixels in file: webgpu_compile_async (2.9s)[39m
[32mDiff 0.0% in file: webgpu_cubemap_adjustments (3.3s)[39m
[32mDiff 0.0% in file: webgpu_depth_texture (2.9s)[39m
[32mDiff 0.0% in file: webgpu_equirectangular (3.1s)[39m
[32mDiff 0.0% in file: webgpu_instance_uniform (3.0s)[39m
[32mDiff 0.1% in file: webgpu_layers (3.0s)[39m
[31mError: Diff wrong in 0.2% of pixels in file: webgpu_lights_pointlights (3.0s)[39m
[31mError: Diff wrong in 3.5% of pixels in file: webgpu_materials_alphahash (3.1s)[39m
[31mError: Diff wrong in 0.2% of pixels in file: webgpu_materials_arrays (2.9s)[39m
[32mDiff 0.0% in file: webgpu_materials_lightmap (3.0s)[39m
[32mDiff 0.0% in file: webgpu_multiple_elements (2.9s)[39m
[31mError: Diff wrong in 2.4% of pixels in file: webgpu_multisampled_renderbuffers (3.0s)[39m
[32mDiff 0.0% in file: webgpu_occlusion (2.8s)[39m
[32mDiff 0.1% in file: webgpu_performance (3.8s)[39m
[32mDiff 0.0% in file: webgpu_procedural_texture (3.0s)[39m
[31mError: Diff wrong in 1.3% of pixels in file: webgpu_reversed_depth_buffer (2.9s)[39m
[32mDiff 0.1% in file: webgpu_sandbox (3.1s)[39m
[32mDiff 0.0% in file: webgpu_textures_2d-array (3.1s)[39m
[32mDiff 0.1% in file: webgpu_tonemapping (3.2s)[39m
[31mList of failed screenshots: webgpu_compile_async webgpu_lights_pointlights webgpu_materials_alphahash webgpu_materials_arrays webgpu_multisampled_renderbuffers webgpu_reversed_depth_buffer[39m
[31mIf you are sure that everything is correct, try to run "npm run make-screenshot webgpu_compile_async webgpu_lights_pointlights webgpu_materials_alphahash webgpu_materials_arrays webgpu_multisampled_renderbuffers webgpu_reversed_depth_buffer". If this does not help, add remaining screenshots to the exception list.[39m
[31mTEST FAILED! 6 from 20 screenshots have not rendered correctly.[39m
Closing...
