npm warn EBADENGINE Unsupported engine {
npm warn EBADENGINE   package: '@es-joy/jsdoccomment@0.95.1',
npm warn EBADENGINE   required: { node: '^22.22.2 || >=24.15.0' },
npm warn EBADENGINE   current: { node: 'v24.13.0', npm: '11.6.2' }
npm warn EBADENGINE }
npm warn EBADENGINE Unsupported engine {
npm warn EBADENGINE   package: 'eslint-plugin-jsdoc@64.3.1',
npm warn EBADENGINE   required: { node: '^22.22.2 || >=24.15.0' },
npm warn EBADENGINE   current: { node: 'v24.13.0', npm: '11.6.2' }
npm warn EBADENGINE }
npm warn EBADENGINE Unsupported engine {
npm warn EBADENGINE   package: 'jsdoc-type-pratt-parser@9.1.2',
npm warn EBADENGINE   required: { node: '^22.22.2 || >=24.15.0' },
npm warn EBADENGINE   current: { node: 'v24.13.0', npm: '11.6.2' }
npm warn EBADENGINE }

added 211 packages, and audited 212 packages in 16s

58 packages are looking for funding
  run `npm fund` for details

3 vulnerabilities (2 moderate, 1 high)

To address all issues, run:
  npm audit fix

Run `npm audit` for details.
